// Jest Snapshot v1, https://goo.gl/fbAQLP

exports[`BreakTimeNotificationContent should render 1`] = `
<div>
  <div
    class="pb-4 max-h-[90vh] portrait:max-w-[90vw]"
  >
    <div
      class="flex flex-col items-center gap-6 mx-0 my-auto slider-wrapper"
    >
      <div
        class="flex flex-col gap-4 overflow-y-auto items-center justify-center slider portrait:max-w-[90vw] max-h-[90vh]"
      >
        <p
          class="w-full pb-4 pl-6 text-sm font-bold md:text-xl lg:text-xl max-w-[60vw] ultraWide:max-w-[40vw] text-adlerdarkblue"
        >
          shortBreakBase 
          infoMobilization 
        </p>
        <div
          class="w-full flex flex-row justify-center align-center"
        >
          <div
            class="flex justify-start items-center w-12"
          />
          <img
            alt=""
            class="object-cover max-h-[60vh] portrait:max-w-[70vw] rounded-lg"
            id="slide-2"
            src="smallBreakContent-B3-slide1.png"
            title="Pausenhinweis"
          />
          <div
            class="flex justify-end items-center w-12"
          >
            <div
              class=""
            >
              <button
                class="w-full justify-center px-2 py-1 aspect-square flex items-center text-sm rounded-lg hover:cursor-pointer lg:text-xl transition ease-in-out duration-75 active:translate-x-[1px] active:translate-y-[1px] active:border-b-2 active:border-r-2 active:border-transparent text-adlerdarkblue font-regular border-b-2 border-r-2 border-adlerdarkblue overflow-hidden box-border cursor-pointer bg-buttonbgblue landscape:hover:bg-adleryellow active:bg-adleryellow"
              >
                <p
                  class=""
                >
                  âžœ
                </p>
              </button>
            </div>
          </div>
        </div>
      </div>
      <div
        class="z-10 flex gap-4 lg:gap-6 slider-nav"
      >
        <button
          class="bg-yellow-400 w-2 h-2 transition duration-200 ease-in-out rounded-full opacity-75 lg:w-4 lg:h-4 hover:opacity-100"
          data-testid="breakSliderButton0"
        />
        <button
          class="bg-white w-2 h-2 transition duration-200 ease-in-out rounded-full opacity-75 lg:w-4 lg:h-4 hover:opacity-100"
          data-testid="breakSliderButton1"
        />
      </div>
    </div>
  </div>
</div>
`;
