// Jest Snapshot v1, https://goo.gl/fbAQLP

exports[`TileGridLayout should render 1`] = `
<div>
  <div
    class="grid portrait:grid-cols-2 grid-cols-2 gap-5 pt-4 rounded-lg p-4"
  >
    <div
      class=""
    >
      <button
        class="flex-col px-2 py-1 justify-center flex items-center text-sm rounded-lg hover:cursor-pointer lg:text-xl transition ease-in-out duration-75 active:translate-x-[1px] active:translate-y-[1px] active:border-b-2 active:border-r-2 active:border-transparent text-adlerdarkblue font-regular border-b-2 border-r-2 border-adlerdarkblue overflow-hidden box-border cursor-pointer bg-buttonbgblue landscape:hover:bg-adleryellow active:bg-adleryellow"
      >
        <div
          class="flex flex-col"
        >
          <img
            alt="titleThumbnail"
            src="image"
          />
          <p>
            title
          </p>
        </div>
      </button>
    </div>
  </div>
</div>
`;
