// Jest Snapshot v1, https://goo.gl/fbAQLP

exports[`Tile should render 1`] = `
<div>
  <div
    class=""
  >
    <button
      class="flex-col px-2 py-1 justify-center flex items-center text-sm rounded-lg hover:cursor-pointer lg:text-xl transition ease-in-out duration-75 active:translate-x-[1px] active:translate-y-[1px] active:border-b-2 active:border-r-2 active:border-transparent text-adlerdarkblue font-regular border-b-2 border-r-2 border-adlerdarkblue overflow-hidden box-border cursor-pointer bg-buttonbgblue landscape:hover:bg-adleryellow active:bg-adleryellow"
    >
      <div
        class="flex flex-col"
      >
        <img
          alt="undefinedThumbnail"
          src="Hair_backhead_256.png"
        />
      </div>
    </button>
  </div>
</div>
`;
