// Jest Snapshot v1, https://goo.gl/fbAQLP

exports[`LearningSpaceSelectionGraph should render 1`] = `
<div>
  <div
    class="w-full h-[95%] lg:w-full lg:h-full"
  >
    <div
      class="react-flow"
      data-testid="rf__wrapper"
      style="width: 100%; height: 100%; overflow: hidden; position: relative; z-index: 0;"
    >
      <div
        class="react-flow__renderer"
        style="position: absolute; width: 100%; height: 100%; top: 0px; left: 0px;"
      >
        <div
          class="react-flow__pane"
          style="position: absolute; width: 100%; height: 100%; top: 0px; left: 0px;"
        >
          <div
            class="react-flow__viewport react-flow__container"
            style="transform: translate(0px,0px) scale(1);"
          >
            <svg
              class="react-flow__edges react-flow__container"
              height="100"
              style="z-index: 0;"
              width="100"
            >
              <defs />
              <g />
            </svg>
            <div
              class="react-flow__edgelabel-renderer"
            />
            <div
              class="react-flow__nodes"
              style="position: absolute; width: 100%; height: 100%; top: 0px; left: 0px;"
            />
          </div>
        </div>
      </div>
      <svg
        class="react-flow__background"
        data-testid="rf__background"
        style="position: absolute; width: 100%; height: 100%; top: 0px; left: 0px;"
      >
        <pattern
          height="20"
          id="pattern-1undefined"
          patternTransform="translate(-1,-1)"
          patternUnits="userSpaceOnUse"
          width="20"
          x="0"
          y="0"
        >
          <circle
            cx="1"
            cy="1"
            fill="#91919a"
            r="1"
          />
        </pattern>
        <rect
          fill="url(#pattern-1undefined)"
          height="100%"
          width="100%"
          x="0"
          y="0"
        />
      </svg>
      <div
        class="react-flow__panel react-flow__controls bottom left"
        data-testid="rf__controls"
        style="pointer-events: all;"
      >
        <button
          aria-label="zoom in"
          class="react-flow__controls-button react-flow__controls-zoomin"
          title="zoom in"
          type="button"
        >
          <svg
            viewBox="0 0 32 32"
            xmlns="http://www.w3.org/2000/svg"
          >
            <path
              d="M32 18.133H18.133V32h-4.266V18.133H0v-4.266h13.867V0h4.266v13.867H32z"
            />
          </svg>
        </button>
        <button
          aria-label="zoom out"
          class="react-flow__controls-button react-flow__controls-zoomout"
          title="zoom out"
          type="button"
        >
          <svg
            viewBox="0 0 32 5"
            xmlns="http://www.w3.org/2000/svg"
          >
            <path
              d="M0 0h32v4.2H0z"
            />
          </svg>
        </button>
        <button
          aria-label="fit view"
          class="react-flow__controls-button react-flow__controls-fitview"
          title="fit view"
          type="button"
        >
          <svg
            viewBox="0 0 32 30"
            xmlns="http://www.w3.org/2000/svg"
          >
            <path
              d="M3.692 4.63c0-.53.4-.938.939-.938h5.215V0H4.708C2.13 0 0 2.054 0 4.63v5.216h3.692V4.631zM27.354 0h-5.2v3.692h5.17c.53 0 .984.4.984.939v5.215H32V4.631A4.624 4.624 0 0027.354 0zm.954 24.83c0 .532-.4.94-.939.94h-5.215v3.768h5.215c2.577 0 4.631-2.13 4.631-4.707v-5.139h-3.692v5.139zm-23.677.94c-.531 0-.939-.4-.939-.94v-5.138H0v5.139c0 2.577 2.13 4.707 4.708 4.707h5.138V25.77H4.631z"
            />
          </svg>
        </button>
      </div>
      <div
        class="react-flow__panel react-flow__attribution bottom right"
        data-message="Please only hide this attribution when you are subscribed to React Flow Pro: https://reactflow.dev/pro"
        style="pointer-events: all;"
      >
        <a
          aria-label="React Flow attribution"
          href="https://reactflow.dev"
          rel="noopener noreferrer"
          target="_blank"
        >
          React Flow
        </a>
      </div>
      <div
        id="react-flow__node-desc-1"
        style="display: none;"
      >
        Press enter or space to select a node.
        You can then use the arrow keys to move the node around.
         Press delete to remove it and escape to cancel.
         
      </div>
      <div
        id="react-flow__edge-desc-1"
        style="display: none;"
      >
        Press enter or space to select an edge. You can then press delete to remove it or escape to cancel.
      </div>
      <div
        aria-atomic="true"
        aria-live="assertive"
        id="react-flow__aria-live-1"
        style="position: absolute; width: 1px; height: 1px; margin: -1px; border: 0px; padding: 0px; overflow: hidden; clip: rect(0px, 0px, 0px, 0px); clip-path: inset(100%);"
      />
    </div>
  </div>
</div>
`;
