// Jest Snapshot v1, https://goo.gl/fbAQLP

exports[`SideBar should render 1`] = `
<div>
  <div
    class="w-20 pointer-events-auto dropdown"
  >
    <div
      class="dropdown-header"
    >
      <div
        class=""
      >
        <button
          class="justify-center p-1 lg:w-16 lg:h-16 md:w-14 md:h-14 sm:w-10 sm:h-10 w-10 h-10 aspect-square flex items-center text-sm rounded-lg hover:cursor-pointer lg:text-xl transition ease-in-out duration-75 active:translate-x-[1px] active:translate-y-[1px] active:border-b-2 active:border-r-2 active:border-transparent text-adlerdarkblue font-regular border-b-2 border-r-2 border-adlerdarkblue overflow-hidden box-border cursor-pointer bg-buttonbgblue landscape:hover:bg-adleryellow active:bg-adleryellow"
        >
          <img
            alt="EngineLogo"
            class="lg:w-20 md:w-16 sm:w-14"
            src="smartphone.svg"
          />
        </button>
      </div>
    </div>
  </div>
</div>
`;
