// Jest Snapshot v1, https://goo.gl/fbAQLP

exports[`AvatarEditorHairCategory should render 1`] = `
<div>
  <div
    class="flex flex-col"
  >
    <div
      class="pb-2 border-b border-gray-500"
    >
      <button
        class="content-start w-full text-left"
        title="accordionCategoryToolTip"
      >
        <h1
          class="text-2xl portrait:text-lg font-bold"
        >
          ▼ headgearTitle
        </h1>
      </button>
    </div>
    <div>
      <div
        class="accordionOpening"
      >
        <div
          class="grid gap-5 pt-4 rounded-lg p-4 portrait:grid-cols-3 grid-cols-5"
        >
          <div
            class="w-full h-full"
          >
            <button
              class="flex-col px-2 py-1 justify-center flex items-center text-sm rounded-lg hover:cursor-pointer lg:text-xl transition ease-in-out duration-75 active:translate-x-[1px] active:translate-y-[1px] active:border-b-2 active:border-r-2 active:border-transparent text-adlerdarkblue font-regular border-b-2 border-r-2 border-adlerdarkblue overflow-hidden box-border cursor-pointer bg-adleryellow landscape:hover:bg-adleryellow active:bg-adleryellow"
              data-testid="none"
              title="none"
            >
              <div
                class="flex flex-col"
              >
                <img
                  alt="noneThumbnail"
                  class="w-full h-full"
                  src="aa-none_Thumbnail.png"
                />
              </div>
            </button>
          </div>
          <div
            class="w-full h-full"
          >
            <button
              class="flex-col px-2 py-1 justify-center flex items-center text-sm rounded-lg hover:cursor-pointer lg:text-xl transition ease-in-out duration-75 active:translate-x-[1px] active:translate-y-[1px] active:border-b-2 active:border-r-2 active:border-transparent text-adlerdarkblue font-regular border-b-2 border-r-2 border-adlerdarkblue overflow-hidden box-border cursor-pointer bg-buttonbgblue landscape:hover:bg-adleryellow active:bg-adleryellow"
              data-testid="hats-cowboy"
              title="hats-cowboy"
            >
              <div
                class="flex flex-col"
              >
                <img
                  alt="hats-cowboyThumbnail"
                  class="w-full h-full"
                  src="aa-hats-cowboy.png"
                />
              </div>
            </button>
          </div>
          <div
            class="w-full h-full"
          >
            <button
              class="flex-col px-2 py-1 justify-center flex items-center text-sm rounded-lg hover:cursor-pointer lg:text-xl transition ease-in-out duration-75 active:translate-x-[1px] active:translate-y-[1px] active:border-b-2 active:border-r-2 active:border-transparent text-adlerdarkblue font-regular border-b-2 border-r-2 border-adlerdarkblue overflow-hidden box-border cursor-pointer bg-buttonbgblue landscape:hover:bg-adleryellow active:bg-adleryellow"
              data-testid="hats-cylinder"
              title="hats-cylinder"
            >
              <div
                class="flex flex-col"
              >
                <img
                  alt="hats-cylinderThumbnail"
                  class="w-full h-full"
                  src="aa-hats-cylinder.png"
                />
              </div>
            </button>
          </div>
          <div
            class="w-full h-full"
          >
            <button
              class="flex-col px-2 py-1 justify-center flex items-center text-sm rounded-lg hover:cursor-pointer lg:text-xl transition ease-in-out duration-75 active:translate-x-[1px] active:translate-y-[1px] active:border-b-2 active:border-r-2 active:border-transparent text-adlerdarkblue font-regular border-b-2 border-r-2 border-adlerdarkblue overflow-hidden box-border cursor-pointer bg-buttonbgblue landscape:hover:bg-adleryellow active:bg-adleryellow"
              data-testid="hats-froghat"
              title="hats-froghat"
            >
              <div
                class="flex flex-col"
              >
                <img
                  alt="hats-froghatThumbnail"
                  class="w-full h-full"
                  src="aa-hats-froghat.png"
                />
              </div>
            </button>
          </div>
          <div
            class="w-full h-full"
          >
            <button
              class="flex-col px-2 py-1 justify-center flex items-center text-sm rounded-lg hover:cursor-pointer lg:text-xl transition ease-in-out duration-75 active:translate-x-[1px] active:translate-y-[1px] active:border-b-2 active:border-r-2 active:border-transparent text-adlerdarkblue font-regular border-b-2 border-r-2 border-adlerdarkblue overflow-hidden box-border cursor-pointer bg-buttonbgblue landscape:hover:bg-adleryellow active:bg-adleryellow"
              data-testid="hats-kecap"
              title="hats-kecap"
            >
              <div
                class="flex flex-col"
              >
                <img
                  alt="hats-kecapThumbnail"
                  class="w-full h-full"
                  src="aa-hats-kecap.png"
                />
              </div>
            </button>
          </div>
          <div
            class="w-full h-full"
          >
            <button
              class="flex-col px-2 py-1 justify-center flex items-center text-sm rounded-lg hover:cursor-pointer lg:text-xl transition ease-in-out duration-75 active:translate-x-[1px] active:translate-y-[1px] active:border-b-2 active:border-r-2 active:border-transparent text-adlerdarkblue font-regular border-b-2 border-r-2 border-adlerdarkblue overflow-hidden box-border cursor-pointer bg-buttonbgblue landscape:hover:bg-adleryellow active:bg-adleryellow"
              data-testid="hats-santa"
              title="hats-santa"
            >
              <div
                class="flex flex-col"
              >
                <img
                  alt="hats-santaThumbnail"
                  class="w-full h-full"
                  src="aa-hats-santa.png"
                />
              </div>
            </button>
          </div>
          <div
            class="w-full h-full"
          >
            <button
              class="flex-col px-2 py-1 justify-center flex items-center text-sm rounded-lg hover:cursor-pointer lg:text-xl transition ease-in-out duration-75 active:translate-x-[1px] active:translate-y-[1px] active:border-b-2 active:border-r-2 active:border-transparent text-adlerdarkblue font-regular border-b-2 border-r-2 border-adlerdarkblue overflow-hidden box-border cursor-pointer bg-buttonbgblue landscape:hover:bg-adleryellow active:bg-adleryellow"
              data-testid="hats-university"
              title="hats-university"
            >
              <div
                class="flex flex-col"
              >
                <img
                  alt="hats-universityThumbnail"
                  class="w-full h-full"
                  src="aa-hats-university.png"
                />
              </div>
            </button>
          </div>
          <div
            class="w-full h-full"
          >
            <button
              class="flex-col px-2 py-1 justify-center flex items-center text-sm rounded-lg hover:cursor-pointer lg:text-xl transition ease-in-out duration-75 active:translate-x-[1px] active:translate-y-[1px] active:border-b-2 active:border-r-2 active:border-transparent text-adlerdarkblue font-regular border-b-2 border-r-2 border-adlerdarkblue overflow-hidden box-border cursor-pointer bg-buttonbgblue landscape:hover:bg-adleryellow active:bg-adleryellow"
              data-testid="hats-vrgoggle"
              title="hats-vrgoggle"
            >
              <div
                class="flex flex-col"
              >
                <img
                  alt="hats-vrgoggleThumbnail"
                  class="w-full h-full"
                  src="aa-hats-vrgoggle.png"
                />
              </div>
            </button>
          </div>
          <div
            class="w-full h-full"
          >
            <button
              class="flex-col px-2 py-1 justify-center flex items-center text-sm rounded-lg hover:cursor-pointer lg:text-xl transition ease-in-out duration-75 active:translate-x-[1px] active:translate-y-[1px] active:border-b-2 active:border-r-2 active:border-transparent text-adlerdarkblue font-regular border-b-2 border-r-2 border-adlerdarkblue overflow-hidden box-border cursor-pointer bg-buttonbgblue landscape:hover:bg-adleryellow active:bg-adleryellow"
              data-testid="hats-witch"
              title="hats-witch"
            >
              <div
                class="flex flex-col"
              >
                <img
                  alt="hats-witchThumbnail"
                  class="w-full h-full"
                  src="aa-hats-witch.png"
                />
              </div>
            </button>
          </div>
        </div>
      </div>
    </div>
    <div
      class="pb-2 border-b border-gray-500"
    >
      <button
        class="content-start w-full text-left"
        title="accordionCategoryToolTip"
      >
        <h1
          class="text-2xl portrait:text-lg font-bold"
        >
          ▼ glassesTitle
        </h1>
      </button>
    </div>
    <div>
      <div
        class="accordionOpening"
      >
        <div
          class="grid gap-5 pt-4 rounded-lg p-4 portrait:grid-cols-3 grid-cols-5"
        >
          <div
            class="w-full h-full"
          >
            <button
              class="flex-col px-2 py-1 justify-center flex items-center text-sm rounded-lg hover:cursor-pointer lg:text-xl transition ease-in-out duration-75 active:translate-x-[1px] active:translate-y-[1px] active:border-b-2 active:border-r-2 active:border-transparent text-adlerdarkblue font-regular border-b-2 border-r-2 border-adlerdarkblue overflow-hidden box-border cursor-pointer bg-adleryellow landscape:hover:bg-adleryellow active:bg-adleryellow"
              data-testid="none"
              title="none"
            >
              <div
                class="flex flex-col"
              >
                <img
                  alt="noneThumbnail"
                  class="w-full h-full"
                  src="aa-none_Thumbnail.png"
                />
              </div>
            </button>
          </div>
          <div
            class="w-full h-full"
          >
            <button
              class="flex-col px-2 py-1 justify-center flex items-center text-sm rounded-lg hover:cursor-pointer lg:text-xl transition ease-in-out duration-75 active:translate-x-[1px] active:translate-y-[1px] active:border-b-2 active:border-r-2 active:border-transparent text-adlerdarkblue font-regular border-b-2 border-r-2 border-adlerdarkblue overflow-hidden box-border cursor-pointer bg-buttonbgblue landscape:hover:bg-adleryellow active:bg-adleryellow"
              data-testid="glasses-browline"
              title="glasses-browline"
            >
              <div
                class="flex flex-col"
              >
                <img
                  alt="glasses-browlineThumbnail"
                  class="w-full h-full"
                  src="aa-glasses-browline.png"
                />
              </div>
            </button>
          </div>
          <div
            class="w-full h-full"
          >
            <button
              class="flex-col px-2 py-1 justify-center flex items-center text-sm rounded-lg hover:cursor-pointer lg:text-xl transition ease-in-out duration-75 active:translate-x-[1px] active:translate-y-[1px] active:border-b-2 active:border-r-2 active:border-transparent text-adlerdarkblue font-regular border-b-2 border-r-2 border-adlerdarkblue overflow-hidden box-border cursor-pointer bg-buttonbgblue landscape:hover:bg-adleryellow active:bg-adleryellow"
              data-testid="glasses-cateye"
              title="glasses-cateye"
            >
              <div
                class="flex flex-col"
              >
                <img
                  alt="glasses-cateyeThumbnail"
                  class="w-full h-full"
                  src="aa-glasses-cateye.png"
                />
              </div>
            </button>
          </div>
          <div
            class="w-full h-full"
          >
            <button
              class="flex-col px-2 py-1 justify-center flex items-center text-sm rounded-lg hover:cursor-pointer lg:text-xl transition ease-in-out duration-75 active:translate-x-[1px] active:translate-y-[1px] active:border-b-2 active:border-r-2 active:border-transparent text-adlerdarkblue font-regular border-b-2 border-r-2 border-adlerdarkblue overflow-hidden box-border cursor-pointer bg-buttonbgblue landscape:hover:bg-adleryellow active:bg-adleryellow"
              data-testid="glasses-dealwithit"
              title="glasses-dealwithit"
            >
              <div
                class="flex flex-col"
              >
                <img
                  alt="glasses-dealwithitThumbnail"
                  class="w-full h-full"
                  src="aa-glasses-dealwithit.png"
                />
              </div>
            </button>
          </div>
          <div
            class="w-full h-full"
          >
            <button
              class="flex-col px-2 py-1 justify-center flex items-center text-sm rounded-lg hover:cursor-pointer lg:text-xl transition ease-in-out duration-75 active:translate-x-[1px] active:translate-y-[1px] active:border-b-2 active:border-r-2 active:border-transparent text-adlerdarkblue font-regular border-b-2 border-r-2 border-adlerdarkblue overflow-hidden box-border cursor-pointer bg-buttonbgblue landscape:hover:bg-adleryellow active:bg-adleryellow"
              data-testid="glasses-heart"
              title="glasses-heart"
            >
              <div
                class="flex flex-col"
              >
                <img
                  alt="glasses-heartThumbnail"
                  class="w-full h-full"
                  src="aa-glasses-heart.png"
                />
              </div>
            </button>
          </div>
          <div
            class="w-full h-full"
          >
            <button
              class="flex-col px-2 py-1 justify-center flex items-center text-sm rounded-lg hover:cursor-pointer lg:text-xl transition ease-in-out duration-75 active:translate-x-[1px] active:translate-y-[1px] active:border-b-2 active:border-r-2 active:border-transparent text-adlerdarkblue font-regular border-b-2 border-r-2 border-adlerdarkblue overflow-hidden box-border cursor-pointer bg-buttonbgblue landscape:hover:bg-adleryellow active:bg-adleryellow"
              data-testid="glasses-monocle"
              title="glasses-monocle"
            >
              <div
                class="flex flex-col"
              >
                <img
                  alt="glasses-monocleThumbnail"
                  class="w-full h-full"
                  src="aa-glasses-monocle.png"
                />
              </div>
            </button>
          </div>
          <div
            class="w-full h-full"
          >
            <button
              class="flex-col px-2 py-1 justify-center flex items-center text-sm rounded-lg hover:cursor-pointer lg:text-xl transition ease-in-out duration-75 active:translate-x-[1px] active:translate-y-[1px] active:border-b-2 active:border-r-2 active:border-transparent text-adlerdarkblue font-regular border-b-2 border-r-2 border-adlerdarkblue overflow-hidden box-border cursor-pointer bg-buttonbgblue landscape:hover:bg-adleryellow active:bg-adleryellow"
              data-testid="glasses-oval"
              title="glasses-oval"
            >
              <div
                class="flex flex-col"
              >
                <img
                  alt="glasses-ovalThumbnail"
                  class="w-full h-full"
                  src="aa-glasses-oval.png"
                />
              </div>
            </button>
          </div>
          <div
            class="w-full h-full"
          >
            <button
              class="flex-col px-2 py-1 justify-center flex items-center text-sm rounded-lg hover:cursor-pointer lg:text-xl transition ease-in-out duration-75 active:translate-x-[1px] active:translate-y-[1px] active:border-b-2 active:border-r-2 active:border-transparent text-adlerdarkblue font-regular border-b-2 border-r-2 border-adlerdarkblue overflow-hidden box-border cursor-pointer bg-buttonbgblue landscape:hover:bg-adleryellow active:bg-adleryellow"
              data-testid="glasses-reading"
              title="glasses-reading"
            >
              <div
                class="flex flex-col"
              >
                <img
                  alt="glasses-readingThumbnail"
                  class="w-full h-full"
                  src="aa-glasses-reading.png"
                />
              </div>
            </button>
          </div>
          <div
            class="w-full h-full"
          >
            <button
              class="flex-col px-2 py-1 justify-center flex items-center text-sm rounded-lg hover:cursor-pointer lg:text-xl transition ease-in-out duration-75 active:translate-x-[1px] active:translate-y-[1px] active:border-b-2 active:border-r-2 active:border-transparent text-adlerdarkblue font-regular border-b-2 border-r-2 border-adlerdarkblue overflow-hidden box-border cursor-pointer bg-buttonbgblue landscape:hover:bg-adleryellow active:bg-adleryellow"
              data-testid="glasses-rectangle"
              title="glasses-rectangle"
            >
              <div
                class="flex flex-col"
              >
                <img
                  alt="glasses-rectangleThumbnail"
                  class="w-full h-full"
                  src="aa-glasses-rectangle.png"
                />
              </div>
            </button>
          </div>
          <div
            class="w-full h-full"
          >
            <button
              class="flex-col px-2 py-1 justify-center flex items-center text-sm rounded-lg hover:cursor-pointer lg:text-xl transition ease-in-out duration-75 active:translate-x-[1px] active:translate-y-[1px] active:border-b-2 active:border-r-2 active:border-transparent text-adlerdarkblue font-regular border-b-2 border-r-2 border-adlerdarkblue overflow-hidden box-border cursor-pointer bg-buttonbgblue landscape:hover:bg-adleryellow active:bg-adleryellow"
              data-testid="glasses-round"
              title="glasses-round"
            >
              <div
                class="flex flex-col"
              >
                <img
                  alt="glasses-roundThumbnail"
                  class="w-full h-full"
                  src="aa-glasses-round.png"
                />
              </div>
            </button>
          </div>
          <div
            class="w-full h-full"
          >
            <button
              class="flex-col px-2 py-1 justify-center flex items-center text-sm rounded-lg hover:cursor-pointer lg:text-xl transition ease-in-out duration-75 active:translate-x-[1px] active:translate-y-[1px] active:border-b-2 active:border-r-2 active:border-transparent text-adlerdarkblue font-regular border-b-2 border-r-2 border-adlerdarkblue overflow-hidden box-border cursor-pointer bg-buttonbgblue landscape:hover:bg-adleryellow active:bg-adleryellow"
              data-testid="glasses-sunglass"
              title="glasses-sunglass"
            >
              <div
                class="flex flex-col"
              >
                <img
                  alt="glasses-sunglassThumbnail"
                  class="w-full h-full"
                  src="aa-glasses-sunglass.png"
                />
              </div>
            </button>
          </div>
        </div>
      </div>
    </div>
    <div
      class="pb-2 border-b border-gray-500"
    >
      <button
        class="content-start w-full text-left"
        title="accordionCategoryToolTip"
      >
        <h1
          class="text-2xl portrait:text-lg font-bold"
        >
          ▼ backpackTitle
        </h1>
      </button>
    </div>
    <div>
      <div
        class="accordionOpening"
      >
        <div
          class="grid gap-5 pt-4 rounded-lg p-4 portrait:grid-cols-3 grid-cols-5"
        >
          <div
            class="w-full h-full"
          >
            <button
              class="flex-col px-2 py-1 justify-center flex items-center text-sm rounded-lg hover:cursor-pointer lg:text-xl transition ease-in-out duration-75 active:translate-x-[1px] active:translate-y-[1px] active:border-b-2 active:border-r-2 active:border-transparent text-adlerdarkblue font-regular border-b-2 border-r-2 border-adlerdarkblue overflow-hidden box-border cursor-pointer bg-adleryellow landscape:hover:bg-adleryellow active:bg-adleryellow"
              data-testid="none"
              title="none"
            >
              <div
                class="flex flex-col"
              >
                <img
                  alt="noneThumbnail"
                  class="w-full h-full"
                  src="aa-none_Thumbnail.png"
                />
              </div>
            </button>
          </div>
          <div
            class="w-full h-full"
          >
            <button
              class="flex-col px-2 py-1 justify-center flex items-center text-sm rounded-lg hover:cursor-pointer lg:text-xl transition ease-in-out duration-75 active:translate-x-[1px] active:translate-y-[1px] active:border-b-2 active:border-r-2 active:border-transparent text-adlerdarkblue font-regular border-b-2 border-r-2 border-adlerdarkblue overflow-hidden box-border cursor-pointer bg-buttonbgblue landscape:hover:bg-adleryellow active:bg-adleryellow"
              data-testid="backpack-santapack"
              title="backpack-santapack"
            >
              <div
                class="flex flex-col"
              >
                <img
                  alt="backpack-santapackThumbnail"
                  class="w-full h-full"
                  src="aa-backpack-santapack.png"
                />
              </div>
            </button>
          </div>
          <div
            class="w-full h-full"
          >
            <button
              class="flex-col px-2 py-1 justify-center flex items-center text-sm rounded-lg hover:cursor-pointer lg:text-xl transition ease-in-out duration-75 active:translate-x-[1px] active:translate-y-[1px] active:border-b-2 active:border-r-2 active:border-transparent text-adlerdarkblue font-regular border-b-2 border-r-2 border-adlerdarkblue overflow-hidden box-border cursor-pointer bg-buttonbgblue landscape:hover:bg-adleryellow active:bg-adleryellow"
              data-testid="backpack-threepouchpack"
              title="backpack-threepouchpack"
            >
              <div
                class="flex flex-col"
              >
                <img
                  alt="backpack-threepouchpackThumbnail"
                  class="w-full h-full"
                  src="aa-backpack-threepouchpack.png"
                />
              </div>
            </button>
          </div>
        </div>
      </div>
    </div>
    <div
      class="pb-2 border-b border-gray-500"
    >
      <button
        class="content-start w-full text-left"
        title="accordionCategoryToolTip"
      >
        <h1
          class="text-2xl portrait:text-lg font-bold"
        >
          ▼ otherTitle
        </h1>
      </button>
    </div>
    <div>
      <div
        class="accordionOpening"
      >
        <div
          class="grid gap-5 pt-4 rounded-lg p-4 portrait:grid-cols-3 grid-cols-5"
        >
          <div
            class="w-full h-full"
          >
            <button
              class="flex-col px-2 py-1 justify-center flex items-center text-sm rounded-lg hover:cursor-pointer lg:text-xl transition ease-in-out duration-75 active:translate-x-[1px] active:translate-y-[1px] active:border-b-2 active:border-r-2 active:border-transparent text-adlerdarkblue font-regular border-b-2 border-r-2 border-adlerdarkblue overflow-hidden box-border cursor-pointer bg-adleryellow landscape:hover:bg-adleryellow active:bg-adleryellow"
              data-testid="none"
              title="none"
            >
              <div
                class="flex flex-col"
              >
                <img
                  alt="noneThumbnail"
                  class="w-full h-full"
                  src="aa-none_Thumbnail.png"
                />
              </div>
            </button>
          </div>
          <div
            class="w-full h-full"
          >
            <button
              class="flex-col px-2 py-1 justify-center flex items-center text-sm rounded-lg hover:cursor-pointer lg:text-xl transition ease-in-out duration-75 active:translate-x-[1px] active:translate-y-[1px] active:border-b-2 active:border-r-2 active:border-transparent text-adlerdarkblue font-regular border-b-2 border-r-2 border-adlerdarkblue overflow-hidden box-border cursor-pointer bg-buttonbgblue landscape:hover:bg-adleryellow active:bg-adleryellow"
              data-testid="other-sheriff-star"
              title="other-sheriff-star"
            >
              <div
                class="flex flex-col"
              >
                <img
                  alt="other-sheriff-starThumbnail"
                  class="w-full h-full"
                  src="aa-other-sheriff-star.png"
                />
              </div>
            </button>
          </div>
        </div>
      </div>
    </div>
  </div>
</div>
`;
