// Jest Snapshot v1, https://goo.gl/fbAQLP

exports[`LearningWorldMenuButton LearningWorldMenuButton Tailwind Styling contains grey backgroundColor if not logged in 1`] = `"text-adlerdeactivatedtext bg-adlerbuttonlocked hover:cursor-default rounded-lg p-2"`;

exports[`LearningWorldMenuButton LearningWorldMenuButton Tailwind Styling contains normal backgroundColor if logged in 1`] = `"px-2 py-1 flex items-center text-sm rounded-lg hover:cursor-pointer lg:text-xl transition ease-in-out duration-75 active:translate-x-1 active:translate-y-1 active:border-transparent text-adlerdarkblue font-regular border-t-[1px] border-l-[1px] border-b-4 border-r-4 border-adlerdarkblue overflow-hidden bg-buttonbgblue"`;
