// Jest Snapshot v1, https://goo.gl/fbAQLP

exports[`Progressbar should render 1`] = `
<div>
  <div
    class="flex items-center text-center"
  >
    <div
      class="relative -z-20 rounded-full bg-adlerblue/80 align-middle dark:bg-gray-700"
    >
      <div
        class="absolute -z-10 h-full rounded-full bg-adlerdarkblue"
        style="width: 10%;"
      />
      1
    </div>
  </div>
</div>
`;
