// Jest Snapshot v1, https://goo.gl/fbAQLP

exports[`ControlsExplanationModal should render 1`] = `
<div>
  <div
    class="z-50 flex items-center justify-center flex gap-2 m-2 w-fit h-fit text-adlertextgrey"
  >
    <div
      class="fixed top-0 bottom-0 left-0 right-0 flex items-center justify-center h-full bg-blacktrans"
    >
      <div
        class="z-50 p-2 rounded-lg bg-gradient-to-br from-adlerbggradientfrom to-adlerbggradientto max-w-[95%] max-h-[95%] overflow-hidden"
      >
        <div
          class="flex items-center justify-center w-full gap-2 p-1 pb-3 text-xl font-bold text-adlerdarkblue lg:roboto-black lg:text-2xl h-fit"
        >
          <div
            class="w-full"
          >
            3D-Steuerung
          </div>
          <div
            class=""
          >
            <button
              class="justify-center p-1 md:w-12 md:h-12 sm:w-10 sm:h-10 w-8 h-8 aspect-square flex items-center text-sm rounded-lg hover:cursor-pointer hover:border-buttonbgblue hover:text-buttonbgblue hover:bg-adlerdarkblue lg:text-xl transition ease-in-out duration-75 active:translate-x-[1px] active:translate-y-[1px] active:border-b-2 active:border-r-2 active:border-transparent text-adlerdarkblue font-regular border-b-2 border-r-2 border-adlerdarkblue overflow-hidden box-border cursor-pointer bg-buttonbgblue"
            >
              <img
                alt="CloseButton"
                class="lg:w-10 md:w-8 sm:w-6"
                src="close-icon-nobg.svg"
              />
            </button>
          </div>
        </div>
        <div
          class="px-1 overflow-auto rounded-lg font-regular h-fit"
        >
          <div
            class="w-[90vw] grid grid-cols-4 portrait:grid-cols-1 gap-12 pb-4 text-xs lg:text-sm overflow-y-auto"
          >
            <div
              class="flex flex-col gap-4"
            >
              <h3
                class="font-bold"
              >
                Avatar bewegen
              </h3>
              <div
                class="flex flex-row gap-2"
              >
                <img
                  alt="Icon"
                  class="w-6"
                />
                <p>
                  Linksklick auf eine Position
                </p>
              </div>
              <div
                class="flex flex-row gap-2"
              >
                <img
                  alt="Icon"
                  class="w-6"
                />
                <p>
                  Einfacher Touch auf eine Position
                </p>
              </div>
              <div
                class="flex flex-row gap-2"
              >
                <img
                  alt="Icon"
                  class="w-6"
                />
                <p>
                  Der Avatar kann nur innerhlab des mit Fussboden begrenzten Raums bewegt werden
                </p>
              </div>
            </div>
            <div
              class="flex flex-col gap-4"
            >
              <h3
                class="font-bold"
              >
                Inhalte öffnen
              </h3>
              <div
                class="flex flex-row gap-2"
              >
                <img
                  alt="Icon"
                  class="w-6"
                />
                <p>
                  Linksklick auf ein 3D Objekt
                </p>
              </div>
              <div
                class="flex flex-row gap-2"
              >
                <img
                  alt="Icon"
                  class="w-6"
                />
                <p>
                  Einfacher Touch auf ein 3D Objekt
                </p>
              </div>
              <div
                class="flex flex-row gap-2"
              >
                <img
                  alt="Icon"
                  class="w-6"
                />
                <p>
                  Nur farblich umrandete 3D-Modelle mit 3D-Icons und Türen sind mit Inhalten verknüpft 
 Inhalte können nur geöffnet werden, wenn der Avatar sich in der Nähe des 3D-Objekts befindet   
                </p>
              </div>
            </div>
            <div
              class="flex flex-col gap-4"
            >
              <h3
                class="font-bold"
              >
                Kamera drehen
              </h3>
              <div
                class="flex flex-row gap-2"
              >
                <img
                  alt="Icon"
                  class="w-6"
                />
                <p>
                  Mausrad drücken und seitliche Bewegung
                </p>
              </div>
              <div
                class="flex flex-row gap-2"
              >
                <img
                  alt="Icon"
                  class="w-6"
                />
                <p>
                  Einfacher Touch und seitliche Bewegung
                </p>
              </div>
              <div
                class="flex flex-row gap-2"
              >
                <img
                  alt="Icon"
                  class="w-6"
                />
                <p>
                  Die Kamera ist um 45° nach links und rechts schwenkbar
                </p>
              </div>
            </div>
            <div
              class="flex flex-col gap-4"
            >
              <h3
                class="font-bold"
              >
                Kamera zoomen
              </h3>
              <div
                class="flex flex-row gap-2"
              >
                <img
                  alt="Icon"
                  class="w-6"
                />
                <p>
                  Mausrad drehen
                </p>
              </div>
              <div
                class="flex flex-row gap-2"
              >
                <img
                  alt="Icon"
                  class="w-6"
                />
                <p>
                  Zwei Touchpunkte entfernen / annäheren
                </p>
              </div>
              <div
                class="flex flex-row gap-2"
              >
                <img
                  alt="Icon"
                  class="w-6"
                />
                <p>
                  Die Kamera ist in einem bestimmen Nah- und Fernbereich zoombar
                </p>
              </div>
            </div>
          </div>
        </div>
      </div>
    </div>
  </div>
</div>
`;
