// Jest Snapshot v1, https://goo.gl/fbAQLP

exports[`LoadingScreenControlsExplanation should render 1`] = `
<div>
  <div
    class="row-span-4 flex max-h-[45vh] w-[90vw] max-w-[90vw] flex-col overflow-y-auto overflow-x-hidden rounded-xl bg-buttonbgblue p-4 lg:max-h-[60vh] xl:max-h-[50vh] mobile-portrait:h-[60vh] mobile-portrait:max-h-[65vh] portrait:h-[50vh]"
  >
    <h1
      class="flex-shrink-0 font-bold text-adlerdarkblue portrait:pb-6"
    >
      sidebar_controls
    </h1>
    <div
      class="flex min-h-0 flex-1 flex-col"
    >
      <div
        class="flex-1 overflow-y-auto pb-4"
      >
        <div
          class="max-w-[85vw] pb-4 text-xs lg:text-sm mobile-landscape:text-2xs portrait:text-xs"
        >
          <div
            class="space-y-6 mobile-landscape:space-y-4 portrait:space-y-4"
          >
            <section
              class="space-y-3 mobile-landscape:space-y-2 portrait:space-y-2"
            >
              <h3
                class="font-bold text-adlerdarkblue"
              >
                controlAvatar
              </h3>
              <div
                class="flex flex-row items-start justify-start gap-2"
              >
                <img
                  alt="Linksklick"
                  class="w-6 flex-shrink-0"
                  src="left-click.svg"
                />
                <p>
                  controlAvatarMouse
                </p>
              </div>
              <div
                class="flex flex-row items-start justify-start gap-2"
              >
                <img
                  alt="Einfacher Touch"
                  class="w-6 flex-shrink-0"
                  src="touch.svg"
                />
                <p>
                  controlAvatarTouch
                </p>
              </div>
              <div
                class="flex flex-row items-start justify-start gap-2"
              >
                <img
                  alt="Icon"
                  class="w-6 flex-shrink-0"
                  src="hint.svg"
                />
                <p>
                  controlAvatarHint
                </p>
              </div>
            </section>
            <section
              class="space-y-3 mobile-landscape:space-y-2 portrait:space-y-2"
            >
              <h3
                class="font-bold text-adlerdarkblue"
              >
                openContent
              </h3>
              <div
                class="flex flex-row items-start justify-start gap-2"
              >
                <img
                  alt="Icon"
                  class="w-6 flex-shrink-0"
                  src="left-click.svg"
                />
                <p>
                  openContentMouse
                </p>
              </div>
              <div
                class="flex flex-row items-start justify-start gap-2"
              >
                <img
                  alt="Icon"
                  class="w-6 flex-shrink-0"
                  src="left-click.svg"
                />
                <p>
                  openContentMouseDouble
                </p>
              </div>
              <div
                class="flex flex-row items-start justify-start gap-2"
              >
                <img
                  alt="Icon"
                  class="w-6 flex-shrink-0"
                  src="touch.svg"
                />
                <p>
                  openContentTouch
                </p>
              </div>
              <div
                class="flex flex-row items-start justify-start gap-2"
              >
                <img
                  alt="Icon"
                  class="w-6 flex-shrink-0"
                  src="hint.svg"
                />
                <div
                  class="flex flex-col gap-1"
                >
                  <p>
                    openContentHint1
                  </p>
                  <p>
                    openContentHint2
                  </p>
                </div>
              </div>
            </section>
            <section
              class="space-y-3 mobile-landscape:space-y-2 portrait:space-y-2"
            >
              <h3
                class="font-bold text-adlerdarkblue"
              >
                rotateCamera
              </h3>
              <div
                class="flex flex-row items-start justify-start gap-2"
              >
                <img
                  alt="Icon"
                  class="w-6 flex-shrink-0"
                  src="middle-mouse-click-and-drag.svg"
                />
                <p>
                  rotateCameraMouse
                </p>
              </div>
              <div
                class="flex flex-row items-start justify-start gap-2"
              >
                <img
                  alt="Icon"
                  class="w-6 flex-shrink-0"
                  src="touch-and-drag.svg"
                />
                <p>
                  rotateCameraTouch
                </p>
              </div>
              <div
                class="flex flex-row items-start justify-start gap-2"
              >
                <img
                  alt="Icon"
                  class="w-6 flex-shrink-0"
                  src="hint.svg"
                />
                <p>
                  rotateCameraHint
                </p>
              </div>
            </section>
            <section
              class="space-y-3 mobile-landscape:space-y-2 portrait:space-y-2"
            >
              <h3
                class="font-bold text-adlerdarkblue"
              >
                zoomCamera
              </h3>
              <div
                class="flex flex-row items-start justify-start gap-2"
              >
                <img
                  alt="Icon"
                  class="w-6 flex-shrink-0"
                  src="middle-mouse-click.svg"
                />
                <p>
                  zoomCameraMouse
                </p>
              </div>
              <div
                class="flex flex-row items-start justify-start gap-2"
              >
                <img
                  alt="Icon"
                  class="w-6 flex-shrink-0"
                  src="touch-zoom.svg"
                />
                <p>
                  zoomCameraTouch
                </p>
              </div>
              <div
                class="flex flex-row items-start justify-start gap-2"
              >
                <img
                  alt="Icon"
                  class="w-6 flex-shrink-0"
                  src="hint.svg"
                />
                <p>
                  zoomCameraHint
                </p>
              </div>
            </section>
            <section
              class="space-y-3 mobile-landscape:space-y-2 portrait:space-y-2"
            >
              <h3
                class="font-bold text-adlerdarkblue"
              >
                Highlight Farben
              </h3>
              <div
                class="flex flex-row items-start justify-start gap-2"
              >
                <img
                  alt="Icon"
                  class="w-6 flex-shrink-0"
                  src="LearningElementUnsolvedIcon.svg"
                />
                <p>
                  LearningElementUnsolvedIcon
                </p>
              </div>
              <div
                class="flex flex-row items-start justify-start gap-2"
              >
                <img
                  alt="Icon"
                  class="w-6 flex-shrink-0"
                  src="LearningElementSolvedIcon.svg"
                />
                <p>
                  LearningElementSolvedIcon
                </p>
              </div>
              <div
                class="flex flex-row items-start justify-start gap-2"
              >
                <img
                  alt="Icon"
                  class="w-6 flex-shrink-0"
                  src="NonLearningElementBaseIcon.svg"
                />
                <p>
                  NonLearningElementBaseIcon
                </p>
              </div>
              <div
                class="flex flex-row items-start justify-start gap-2"
              >
                <img
                  alt="Icon"
                  class="w-6 flex-shrink-0"
                  src="hint.svg"
                />
                <p>
                  HighlightHint
                </p>
              </div>
            </section>
          </div>
        </div>
      </div>
      <div
        class="flex-shrink-0 border-t border-adlerdarkblue/20 pt-4"
      >
        <p
          class="w-full text-center text-xs font-bold text-adlerdarkblue mobile-landscape:text-2xs portrait:text-2xs"
        >
          hint_controlsExplanationModal
        </p>
      </div>
    </div>
  </div>
</div>
`;
