// Jest Snapshot v1, https://goo.gl/fbAQLP

exports[`LoginComponent LoginComponent Tailwind Styling contains green backgroundColor if logged in 1`] = `"justify-center p-1 lg:w-16 lg:h-16 md:w-14 md:h-14 sm:w-10 sm:h-10 w-10 h-10 aspect-square flex items-center text-sm rounded-lg hover:cursor-pointer hover:text-buttonbgblue hover:bg-adlerdarkblue lg:text-xl transition ease-in-out duration-75 active:translate-x-1 active:translate-y-1 active:border-transparent text-adlerdarkblue font-regular border-t-[1px] border-l-[1px] border-b-4 border-r-4 border-adlerdarkblue overflow-hidden bg-adlergreen"`;

exports[`LoginComponent LoginComponent Tailwind Styling contains normal backgroundColor if not logged in 1`] = `"justify-center p-1 lg:w-16 lg:h-16 md:w-14 md:h-14 sm:w-10 sm:h-10 w-10 h-10 aspect-square flex items-center text-sm rounded-lg hover:cursor-pointer hover:text-buttonbgblue hover:bg-adlerdarkblue lg:text-xl transition ease-in-out duration-75 active:translate-x-1 active:translate-y-1 active:border-transparent text-adlerdarkblue font-regular border-t-[1px] border-l-[1px] border-b-4 border-r-4 border-adlerdarkblue overflow-hidden bg-buttonbgblue"`;
