// Jest Snapshot v1, https://goo.gl/fbAQLP

exports[`AdaptivityElementTaskSelection should render 1`] = `
<div>
  <div
    class="grid justify-center gap-4 lg:grid-cols-2 gap-x-8"
  >
    <div
      class="flex flex-col text-sm"
    >
      <div
        class=""
      >
        <button
          class="w-full max-w-2xl px-2 py-1 justify-center flex items-center text-sm rounded-lg hover:cursor-pointer landscape:hover:bg-adleryellow lg:text-xl transition ease-in-out duration-75 active:translate-x-[1px] active:translate-y-[1px] active:border-b-2 active:border-r-2 active:border-transparent active:bg-adleryellow text-adlerdarkblue font-regular border-b-2 border-r-2 border-adlerdarkblue overflow-hidden box-border cursor-pointer bg-buttonbgblue"
        >
          <div
            class="grid items-center justify-between w-full h-full grid-cols-7 align-center"
          >
            <div
              class="flex items-center h-full"
            >
              <img
                alt=""
                class="w-4 h-4 sm:w-6 sm:h-6"
                src="diffculties-adaptivity-easy-tried.svg"
              />
              <img
                alt="Platzhalter-Icon"
                class="w-4 h-4 sm:w-6 sm:h-6 opacity-60"
                src="diffculties-adaptivity-placeholder.svg"
              />
              <img
                alt="Platzhalter-Icon"
                class="w-4 h-4 sm:w-6 sm:h-6 opacity-60"
                src="diffculties-adaptivity-placeholder.svg"
              />
            </div>
            <p
              class="col-span-5 pl-4 text-sm text-start"
            >
              testTaskTitle
            </p>
            <div
              class="flex justify-end"
            >
              <div
                class="w-16"
              />
            </div>
          </div>
        </button>
      </div>
    </div>
  </div>
</div>
`;
