// Jest Snapshot v1, https://goo.gl/fbAQLP

exports[`AdaptivityElementQuestionAnswer should render 1`] = `
<div>
  <div
    class="flex flex-col w-full m-auto p-2"
  >
    <div
      class="flex flex-col lg:grid lg:grid-cols-2 flex-wrap justify-start gap-4 "
    >
      <button
        class="px-2 py-1 justify-center flex items-center text-sm rounded-lg hover:cursor-pointer hover:border-buttonbgblue hover:text-buttonbgblue hover:bg-adlerdarkblue lg:text-xl transition ease-in-out duration-75 active:translate-x-1 active:translate-y-1 active:border-transparent text-adlerdarkblue font-regular border-t-[1px] border-l-[1px] border-b-4 border-r-4 border-adlerdarkblue overflow-hidden box-border bg-buttonbgblue"
      >
        testAnswerText
      </button>
    </div>
    <div
      class="flex items-end justify-end w-full pt-8 font-bold"
    >
      <button
        class="px-2 py-1 justify-center flex items-center text-sm rounded-lg hover:cursor-pointer hover:border-buttonbgblue hover:text-buttonbgblue hover:bg-adlerdarkblue lg:text-xl transition ease-in-out duration-75 active:translate-x-1 active:translate-y-1 active:border-transparent text-adlerdarkblue font-regular border-t-[1px] border-l-[1px] border-b-4 border-r-4 border-adlerdarkblue overflow-hidden box-border bg-buttonbgblue"
      >
        Antworten abgeben
      </button>
    </div>
  </div>
</div>
`;
