// Jest Snapshot v1, https://goo.gl/fbAQLP

exports[`WelcomePageButton Tailwind Styling contains grey backgroundColor if not logged in 1`] = `"relative !px-0 !py-0 flex-col !w-full !h-full col-span-3 col-start-6 bg-cover test.mp4 test-class justify-center flex items-center text-sm rounded-lg hover:cursor-pointer lg:text-xl transition ease-in-out duration-75 active:translate-x-[1px] active:translate-y-[1px] active:border-b-2 active:border-r-2 active:border-transparent text-adlerdarkblue font-regular border-b-2 border-r-2 border-adlerdarkblue overflow-hidden box-border cursor-pointer bg-buttonbgblue"`;

exports[`WelcomePageButton Tailwind Styling contains normal backgroundColor if logged in 1`] = `"relative !px-0 !py-0 flex-col !w-full !h-full col-span-3 col-start-6 bg-cover test.mp4 test-class justify-center flex items-center text-sm rounded-lg hover:cursor-pointer lg:text-xl transition ease-in-out duration-75 active:translate-x-[1px] active:translate-y-[1px] active:border-b-2 active:border-r-2 active:border-transparent text-adlerdarkblue font-regular border-b-2 border-r-2 border-adlerdarkblue overflow-hidden box-border cursor-pointer bg-buttonbgblue"`;
