// Jest Snapshot v1, https://goo.gl/fbAQLP

exports[`AvatarEditorPreview should render 1`] = `
<div>
  <div
    class=""
  >
    <mockedbabyloncanvas
      class="rounded-xl w-full h-full"
    />
    <div
      class="absolute bottom-4 portrait:bottom-2 flex justify-center w-full space-x-2 p-2"
    >
      <div
        class=""
      >
        <button
          class="justify-center p-1 lg:w-16 lg:h-16 md:w-14 md:h-14 sm:w-10 sm:h-10 w-10 h-10 aspect-square flex items-center text-sm rounded-lg hover:cursor-pointer landscape:hover:bg-adleryellow lg:text-xl transition ease-in-out duration-75 active:translate-x-[1px] active:translate-y-[1px] active:border-b-2 active:border-r-2 active:border-transparent active:bg-adleryellow text-adlerdarkblue font-regular border-b-2 border-r-2 border-adlerdarkblue overflow-hidden box-border cursor-pointer bg-buttonbgblue"
          data-testid="left-turn-button"
        >
          &lt;
        </button>
      </div>
      <div
        class=""
      >
        <button
          class="justify-center p-1 lg:w-16 lg:h-16 md:w-14 md:h-14 sm:w-10 sm:h-10 w-10 h-10 aspect-square flex items-center text-sm rounded-lg hover:cursor-pointer landscape:hover:bg-adleryellow lg:text-xl transition ease-in-out duration-75 active:translate-x-[1px] active:translate-y-[1px] active:border-b-2 active:border-r-2 active:border-transparent active:bg-adleryellow text-adlerdarkblue font-regular border-b-2 border-r-2 border-adlerdarkblue overflow-hidden box-border cursor-pointer bg-buttonbgblue"
          data-testid="zoom-in-button"
        >
          +
        </button>
      </div>
      <div
        class=""
      >
        <button
          class="justify-center p-1 lg:w-16 lg:h-16 md:w-14 md:h-14 sm:w-10 sm:h-10 w-10 h-10 aspect-square flex items-center text-sm rounded-lg hover:cursor-pointer landscape:hover:bg-adleryellow lg:text-xl transition ease-in-out duration-75 active:translate-x-[1px] active:translate-y-[1px] active:border-b-2 active:border-r-2 active:border-transparent active:bg-adleryellow text-adlerdarkblue font-regular border-b-2 border-r-2 border-adlerdarkblue overflow-hidden box-border cursor-pointer bg-buttonbgblue"
          data-testid="zoom-out-button"
        >
          -
        </button>
      </div>
      <div
        class=""
      >
        <button
          class="justify-center p-1 lg:w-16 lg:h-16 md:w-14 md:h-14 sm:w-10 sm:h-10 w-10 h-10 aspect-square flex items-center text-sm rounded-lg hover:cursor-pointer landscape:hover:bg-adleryellow lg:text-xl transition ease-in-out duration-75 active:translate-x-[1px] active:translate-y-[1px] active:border-b-2 active:border-r-2 active:border-transparent active:bg-adleryellow text-adlerdarkblue font-regular border-b-2 border-r-2 border-adlerdarkblue overflow-hidden box-border cursor-pointer bg-buttonbgblue"
          data-testid="right-turn-button"
        >
          &gt;
        </button>
      </div>
    </div>
  </div>
  ,
</div>
`;
